node : node:internal/modules/cjs/loader:1424
At line:1 char:1
+ node ./node_modules/.bin/vite build 2>&1 | Tee-Object -FilePath "buil ...
+ ~~~~~~~~~~~~~~~~~~~~~~~~~~~~~~~~~~~~~~~~
    + CategoryInfo          : NotSpecified: (node:internal/modules/cjs/loader: 
   1424:String) [], RemoteException
    + FullyQualifiedErrorId : NativeCommandError
 
  throw err;
  ^

Error: Cannot find module 
'C:\Users\Admin\Documents\Projects\HrSystem\node_modules\.bin\vite'
    at Module._resolveFilename (node:internal/modules/cjs/loader:1421:15)
    at defaultResolveImpl (node:internal/modules/cjs/loader:1059:19)
    at resolveForCJSWithHooks (node:internal/modules/cjs/loader:1064:22)
    at Module._load (node:internal/modules/cjs/loader:1227:37)
    at TracingChannel.traceSync (node:diagnostics_channel:328:14)
    at wrapModuleLoad (node:internal/modules/cjs/loader:245:24)
    at Module.executeUserEntryPoint [as runMain] 
(node:internal/modules/run_main:154:5)
    at node:internal/main/run_main_module:33:47 {
  code: 'MODULE_NOT_FOUND',
  requireStack: []
}

Node.js v24.12.0
